// Jest Snapshot v1, https://goo.gl/fbAQLP

exports[`renders correctly 1`] = `
<DocumentFragment>
  <div
    class="css-68j5k3"
  >
    <button
      class="css-o0frhp"
      data-testid="back-btn"
      disabled=""
    >
      <svg
        aria-hidden="true"
        class="svg-inline--fa fa-chevron-left fa-w-10 fa-3x "
        color="white"
        data-icon="chevron-left"
        data-prefix="fas"
        focusable="false"
        role="img"
        viewBox="0 0 320 512"
        xmlns="http://www.w3.org/2000/svg"
      >
        <path
          d="M34.52 239.03L228.87 44.69c9.37-9.37 24.57-9.37 33.94 0l22.67 22.67c9.36 9.36 9.37 24.52.04 33.9L131.49 256l154.02 154.75c9.34 9.38 9.32 24.54-.04 33.9l-22.67 22.67c-9.37 9.37-24.57 9.37-33.94 0L34.52 272.97c-9.37-9.37-9.37-24.57 0-33.94z"
          fill="currentColor"
        />
      </svg>
    </button>
    <div
      class="css-141am9t"
      data-testid="card-wrapper-1"
    >
      <div
        class="css-1n0vo1"
        data-testid="rocket-summary-1-id"
      >
        <p
          class="css-fd8g0q"
          data-testid="mission-name-1"
        >
          DSCOVR
        </p>
        <p
          data-testid="flight-number-1"
        >
          Flight Number: 20
        </p>
        <p
          data-testid="rocket-name-1"
        >
          Rocket Name: Falcon 9
        </p>
        <p
          data-testid="mission-date-1"
        >
          February 11th 2015
        </p>
        <button
          class="css-77b2el"
          data-testid="detailsBtnId-1"
        >
          Details
        </button>
        <div
          class="css-d04zvd"
        >
          <img
            class="css-54d50x"
            data-testid="logoId-1"
            src="https://images2.imgbox.com/63/c5/0OIpD59z_o.png"
          />
        </div>
      </div>
      <div
        class="css-1a0azdv"
        data-testid="rocket-summary-11-id"
      >
        <p
          class="css-fd8g0q"
          data-testid="mission-name-11"
        >
          TEST2
        </p>
        <p
          data-testid="flight-number-11"
        >
          Flight Number: 21
        </p>
        <p
          data-testid="rocket-name-11"
        >
          Rocket Name: Falcon Q
        </p>
        <p
          data-testid="mission-date-11"
        >
          February 11th 2015
        </p>
        <button
          class="css-77b2el"
          data-testid="detailsBtnId-11"
        >
          Details
        </button>
        <div
          class="css-d04zvd"
        >
          <img
            class="css-54d50x"
            data-testid="logoId-11"
            src="https://images2.imgbox.com/20/10/sqPgZfej_o.png"
          />
        </div>
      </div>
    </div>
    <button
      class="css-p8zyb4"
      data-testid="next-btn"
    >
      <svg
        aria-hidden="true"
        class="svg-inline--fa fa-chevron-right fa-w-10 fa-3x "
        color="white"
        data-icon="chevron-right"
        data-prefix="fas"
        focusable="false"
        role="img"
        viewBox="0 0 320 512"
        xmlns="http://www.w3.org/2000/svg"
      >
        <path
          d="M285.476 272.971L91.132 467.314c-9.373 9.373-24.569 9.373-33.941 0l-22.667-22.667c-9.357-9.357-9.375-24.522-.04-33.901L188.505 256 34.484 101.255c-9.335-9.379-9.317-24.544.04-33.901l22.667-22.667c9.373-9.373 24.569-9.373 33.941 0L285.475 239.03c9.373 9.372 9.373 24.568.001 33.941z"
          fill="currentColor"
        />
      </svg>
    </button>
  </div>
</DocumentFragment>
`;
